// Jest Snapshot v1, https://goo.gl/fbAQLP

exports[`DimensionBars (Bundle C §6 — hero + expand + silent omission) snapshot — 4-dim hero view 1`] = `
<View
  style={
    {
      "gap": 12,
      "paddingVertical": 8,
    }
  }
  testID="bars"
>
  <View
    style={
      [
        {
          "gap": 4,
        },
        {
          "opacity": 1,
        },
      ]
    }
    testID="bars-row-undefined"
  >
    <View
      style={
        {
          "alignItems": "baseline",
          "flexDirection": "row",
          "justifyContent": "space-between",
        }
      }
    >
      <Text
        numberOfLines={1}
        style={
          {
            "color": "#0A0A0B",
            "fontSize": 13,
            "fontWeight": "500",
          }
        }
      >
        Value
      </Text>
    </View>
    <View
      style={
        {
          "backgroundColor": "transparent",
          "borderRadius": 4,
          "flexDirection": "row",
          "height": 8,
          "overflow": "hidden",
          "width": "100%",
        }
      }
      testID="bars-row-undefined-bar"
    >
      <View
        style={
          [
            {
              "borderRadius": 4,
              "flexGrow": 0,
              "flexShrink": 1,
              "height": 8,
            },
            {
              "backgroundColor": "#10B981",
              "flexBasis": "52%",
            },
          ]
        }
        testID="bars-row-undefined-fill-a"
      />
      <View
        style={
          {
            "backgroundColor": "#FFFFFF",
            "height": 8,
            "width": 2,
          }
        }
        testID="bars-row-undefined-bar-gap"
      />
      <View
        style={
          [
            {
              "borderRadius": 4,
              "flexGrow": 0,
              "flexShrink": 1,
              "height": 8,
            },
            {
              "backgroundColor": "#6B7280",
              "flexBasis": "48%",
            },
          ]
        }
        testID="bars-row-undefined-fill-b"
      />
    </View>
    <View
      pointerEvents="none"
      style={
        {
          "height": 0,
          "opacity": 0,
          "overflow": "hidden",
        }
      }
    >
      <Text
        style={
          {
            "color": "#0A0A0B",
            "fontSize": 13,
            "fontVariant": [
              "tabular-nums",
            ],
            "fontWeight": "400",
            "lineHeight": 19.5,
            "minWidth": 28,
            "textAlign": "center",
          }
        }
        testID="bars-row-undefined-score-a"
      >
        78
      </Text>
      <Text
        style={
          {
            "color": "#0A0A0B",
            "fontSize": 13,
            "fontVariant": [
              "tabular-nums",
            ],
            "fontWeight": "400",
            "lineHeight": 19.5,
            "minWidth": 28,
            "textAlign": "center",
          }
        }
        testID="bars-row-undefined-score-b"
      >
        72
      </Text>
    </View>
  </View>
  <View
    style={
      [
        {
          "gap": 4,
        },
        {
          "opacity": 1,
        },
      ]
    }
    testID="bars-row-undefined"
  >
    <View
      style={
        {
          "alignItems": "baseline",
          "flexDirection": "row",
          "justifyContent": "space-between",
        }
      }
    >
      <Text
        numberOfLines={1}
        style={
          {
            "color": "#0A0A0B",
            "fontSize": 13,
            "fontWeight": "500",
          }
        }
      >
        Reviews
      </Text>
    </View>
    <View
      style={
        {
          "backgroundColor": "transparent",
          "borderRadius": 4,
          "flexDirection": "row",
          "height": 8,
          "overflow": "hidden",
          "width": "100%",
        }
      }
      testID="bars-row-undefined-bar"
    >
      <View
        style={
          [
            {
              "borderRadius": 4,
              "flexGrow": 0,
              "flexShrink": 1,
              "height": 8,
            },
            {
              "backgroundColor": "#10B981",
              "flexBasis": "51.515151515151516%",
            },
          ]
        }
        testID="bars-row-undefined-fill-a"
      />
      <View
        style={
          {
            "backgroundColor": "#FFFFFF",
            "height": 8,
            "width": 2,
          }
        }
        testID="bars-row-undefined-bar-gap"
      />
      <View
        style={
          [
            {
              "borderRadius": 4,
              "flexGrow": 0,
              "flexShrink": 1,
              "height": 8,
            },
            {
              "backgroundColor": "#6B7280",
              "flexBasis": "48.484848484848484%",
            },
          ]
        }
        testID="bars-row-undefined-fill-b"
      />
    </View>
    <View
      pointerEvents="none"
      style={
        {
          "height": 0,
          "opacity": 0,
          "overflow": "hidden",
        }
      }
    >
      <Text
        style={
          {
            "color": "#0A0A0B",
            "fontSize": 13,
            "fontVariant": [
              "tabular-nums",
            ],
            "fontWeight": "400",
            "lineHeight": 19.5,
            "minWidth": 28,
            "textAlign": "center",
          }
        }
        testID="bars-row-undefined-score-a"
      >
        85
      </Text>
      <Text
        style={
          {
            "color": "#0A0A0B",
            "fontSize": 13,
            "fontVariant": [
              "tabular-nums",
            ],
            "fontWeight": "400",
            "lineHeight": 19.5,
            "minWidth": 28,
            "textAlign": "center",
          }
        }
        testID="bars-row-undefined-score-b"
      >
        80
      </Text>
    </View>
  </View>
  <View
    style={
      [
        {
          "gap": 4,
        },
        {
          "opacity": 1,
        },
      ]
    }
    testID="bars-row-undefined"
  >
    <View
      style={
        {
          "alignItems": "baseline",
          "flexDirection": "row",
          "justifyContent": "space-between",
        }
      }
    >
      <Text
        numberOfLines={1}
        style={
          {
            "color": "#0A0A0B",
            "fontSize": 13,
            "fontWeight": "500",
          }
        }
      >
        Price
      </Text>
    </View>
    <View
      style={
        {
          "backgroundColor": "transparent",
          "borderRadius": 4,
          "flexDirection": "row",
          "height": 8,
          "overflow": "hidden",
          "width": "100%",
        }
      }
      testID="bars-row-undefined-bar"
    >
      <View
        style={
          [
            {
              "borderRadius": 4,
              "flexGrow": 0,
              "flexShrink": 1,
              "height": 8,
            },
            {
              "backgroundColor": "#10B981",
              "flexBasis": "51.61290322580645%",
            },
          ]
        }
        testID="bars-row-undefined-fill-a"
      />
      <View
        style={
          {
            "backgroundColor": "#FFFFFF",
            "height": 8,
            "width": 2,
          }
        }
        testID="bars-row-undefined-bar-gap"
      />
      <View
        style={
          [
            {
              "borderRadius": 4,
              "flexGrow": 0,
              "flexShrink": 1,
              "height": 8,
            },
            {
              "backgroundColor": "#6B7280",
              "flexBasis": "48.38709677419355%",
            },
          ]
        }
        testID="bars-row-undefined-fill-b"
      />
    </View>
    <View
      pointerEvents="none"
      style={
        {
          "height": 0,
          "opacity": 0,
          "overflow": "hidden",
        }
      }
    >
      <Text
        style={
          {
            "color": "#0A0A0B",
            "fontSize": 13,
            "fontVariant": [
              "tabular-nums",
            ],
            "fontWeight": "400",
            "lineHeight": 19.5,
            "minWidth": 28,
            "textAlign": "center",
          }
        }
        testID="bars-row-undefined-score-a"
      >
        80
      </Text>
      <Text
        style={
          {
            "color": "#0A0A0B",
            "fontSize": 13,
            "fontVariant": [
              "tabular-nums",
            ],
            "fontWeight": "400",
            "lineHeight": 19.5,
            "minWidth": 28,
            "textAlign": "center",
          }
        }
        testID="bars-row-undefined-score-b"
      >
        75
      </Text>
    </View>
  </View>
  <View
    style={
      [
        {
          "gap": 4,
        },
        {
          "opacity": 1,
        },
      ]
    }
    testID="bars-row-undefined"
  >
    <View
      style={
        {
          "alignItems": "baseline",
          "flexDirection": "row",
          "justifyContent": "space-between",
        }
      }
    >
      <Text
        numberOfLines={1}
        style={
          {
            "color": "#0A0A0B",
            "fontSize": 13,
            "fontWeight": "500",
          }
        }
      >
        Performance
      </Text>
    </View>
    <View
      style={
        {
          "backgroundColor": "transparent",
          "borderRadius": 4,
          "flexDirection": "row",
          "height": 8,
          "overflow": "hidden",
          "width": "100%",
        }
      }
      testID="bars-row-undefined-bar"
    >
      <View
        style={
          [
            {
              "borderRadius": 4,
              "flexGrow": 0,
              "flexShrink": 1,
              "height": 8,
            },
            {
              "backgroundColor": "#10B981",
              "flexBasis": "50.931677018633536%",
            },
          ]
        }
        testID="bars-row-undefined-fill-a"
      />
      <View
        style={
          {
            "backgroundColor": "#FFFFFF",
            "height": 8,
            "width": 2,
          }
        }
        testID="bars-row-undefined-bar-gap"
      />
      <View
        style={
          [
            {
              "borderRadius": 4,
              "flexGrow": 0,
              "flexShrink": 1,
              "height": 8,
            },
            {
              "backgroundColor": "#6B7280",
              "flexBasis": "49.06832298136646%",
            },
          ]
        }
        testID="bars-row-undefined-fill-b"
      />
    </View>
    <View
      pointerEvents="none"
      style={
        {
          "height": 0,
          "opacity": 0,
          "overflow": "hidden",
        }
      }
    >
      <Text
        style={
          {
            "color": "#0A0A0B",
            "fontSize": 13,
            "fontVariant": [
              "tabular-nums",
            ],
            "fontWeight": "400",
            "lineHeight": 19.5,
            "minWidth": 28,
            "textAlign": "center",
          }
        }
        testID="bars-row-undefined-score-a"
      >
        82
      </Text>
      <Text
        style={
          {
            "color": "#0A0A0B",
            "fontSize": 13,
            "fontVariant": [
              "tabular-nums",
            ],
            "fontWeight": "400",
            "lineHeight": 19.5,
            "minWidth": 28,
            "textAlign": "center",
          }
        }
        testID="bars-row-undefined-score-b"
      >
        79
      </Text>
    </View>
  </View>
</View>
`;
