// Jest Snapshot v1, https://goo.gl/fbAQLP

exports[`LoadingRings hero renders default snapshot 1`] = `
<View
  style={
    [
      {
        "alignItems": "center",
        "alignSelf": "center",
        "paddingVertical": 16,
      },
      {
        "width": 320,
      },
    ]
  }
>
  <View
    style={
      [
        {
          "alignItems": "center",
          "justifyContent": "center",
        },
        {
          "height": 320,
          "width": 320,
        },
      ]
    }
  >
    <Svg
      height={320}
      viewBox="0 0 320 320"
      width={320}
    >
      <Circle
        animatedProps={
          {
            "opacity": 1,
            "r": 60,
          }
        }
        cx={160}
        cy={160}
        fill="none"
        stroke="#10B981"
        strokeWidth={2.5}
        testID="loading-rings-ring-0"
      />
      <Circle
        animatedProps={
          {
            "opacity": 1,
            "r": 60,
          }
        }
        cx={160}
        cy={160}
        fill="none"
        stroke="#10B981"
        strokeWidth={2.5}
        testID="loading-rings-ring-1"
      />
      <Circle
        animatedProps={
          {
            "opacity": 1,
            "r": 60,
          }
        }
        cx={160}
        cy={160}
        fill="none"
        stroke="#10B981"
        strokeWidth={2.5}
        testID="loading-rings-ring-2"
      />
    </Svg>
    <View
      pointerEvents="none"
      style={
        {
          "alignItems": "center",
          "bottom": 0,
          "justifyContent": "center",
          "left": 0,
          "position": "absolute",
          "right": 0,
          "top": 0,
        }
      }
      testID="loading-rings-logo"
    >
      <Image
        accessibilityElementsHidden={true}
        fadeDuration={0}
        importantForAccessibility="no-hide-descendants"
        resizeMode="contain"
        source={
          {
            "default": 0,
          }
        }
        style={
          {
            "height": 70,
            "width": 70,
          }
        }
      />
    </View>
  </View>
  <View
    style={
      {
        "alignItems": "baseline",
        "backgroundColor": "#F8F8FA",
        "borderColor": "#E5E7EB",
        "borderRadius": 999,
        "borderWidth": 1,
        "flexDirection": "row",
        "gap": 8,
        "marginTop": 20,
        "paddingHorizontal": 16,
        "paddingVertical": 8,
      }
    }
    testID="loading-rings-counter-chip"
  >
    <Text
      style={
        {
          "color": "#059669",
          "fontSize": 20,
          "fontVariant": [
            "tabular-nums",
          ],
          "fontWeight": "700",
          "lineHeight": 24,
        }
      }
    >
      0
    </Text>
  </View>
</View>
`;

exports[`LoadingRings hero renders with explicit counter target 1`] = `
<View
  style={
    [
      {
        "alignItems": "center",
        "alignSelf": "center",
        "paddingVertical": 16,
      },
      {
        "width": 320,
      },
    ]
  }
>
  <View
    style={
      [
        {
          "alignItems": "center",
          "justifyContent": "center",
        },
        {
          "height": 320,
          "width": 320,
        },
      ]
    }
  >
    <Svg
      height={320}
      viewBox="0 0 320 320"
      width={320}
    >
      <Circle
        animatedProps={
          {
            "opacity": 1,
            "r": 60,
          }
        }
        cx={160}
        cy={160}
        fill="none"
        stroke="#10B981"
        strokeWidth={2.5}
        testID="loading-rings-ring-0"
      />
      <Circle
        animatedProps={
          {
            "opacity": 1,
            "r": 60,
          }
        }
        cx={160}
        cy={160}
        fill="none"
        stroke="#10B981"
        strokeWidth={2.5}
        testID="loading-rings-ring-1"
      />
      <Circle
        animatedProps={
          {
            "opacity": 1,
            "r": 60,
          }
        }
        cx={160}
        cy={160}
        fill="none"
        stroke="#10B981"
        strokeWidth={2.5}
        testID="loading-rings-ring-2"
      />
    </Svg>
    <View
      pointerEvents="none"
      style={
        {
          "alignItems": "center",
          "bottom": 0,
          "justifyContent": "center",
          "left": 0,
          "position": "absolute",
          "right": 0,
          "top": 0,
        }
      }
      testID="loading-rings-logo"
    >
      <Image
        accessibilityElementsHidden={true}
        fadeDuration={0}
        importantForAccessibility="no-hide-descendants"
        resizeMode="contain"
        source={
          {
            "default": 0,
          }
        }
        style={
          {
            "height": 70,
            "width": 70,
          }
        }
      />
    </View>
  </View>
  <View
    style={
      {
        "alignItems": "baseline",
        "backgroundColor": "#F8F8FA",
        "borderColor": "#E5E7EB",
        "borderRadius": 999,
        "borderWidth": 1,
        "flexDirection": "row",
        "gap": 8,
        "marginTop": 20,
        "paddingHorizontal": 16,
        "paddingVertical": 8,
      }
    }
    testID="loading-rings-counter-chip"
  >
    <Text
      style={
        {
          "color": "#059669",
          "fontSize": 20,
          "fontVariant": [
            "tabular-nums",
          ],
          "fontWeight": "700",
          "lineHeight": 24,
        }
      }
    >
      0
    </Text>
  </View>
</View>
`;
