// Jest Snapshot v1, https://goo.gl/fbAQLP

exports[`LoadingRings hero renders default snapshot 1`] = `
<View
  style={
    [
      {
        "alignItems": "center",
        "alignSelf": "center",
        "paddingVertical": 16,
      },
      {
        "width": 320,
      },
    ]
  }
>
  <View
    style={
      [
        {
          "alignItems": "center",
          "justifyContent": "center",
        },
        {
          "height": 320,
          "width": 320,
        },
      ]
    }
  >
    <Svg
      height={320}
      viewBox="0 0 320 320"
      width={320}
    >
      <Circle
        cx={160}
        cy={160}
        fill="none"
        opacity={1}
        r={60}
        stroke="#10B981"
        strokeWidth={2.5}
        testID="loading-rings-ring-0"
      />
      <Circle
        cx={160}
        cy={160}
        fill="none"
        opacity={1}
        r={60}
        stroke="#10B981"
        strokeWidth={2.5}
        testID="loading-rings-ring-1"
      />
      <Circle
        cx={160}
        cy={160}
        fill="none"
        opacity={1}
        r={60}
        stroke="#10B981"
        strokeWidth={2.5}
        testID="loading-rings-ring-2"
      />
    </Svg>
    <View
      pointerEvents="none"
      style={
        {
          "alignItems": "center",
          "bottom": 0,
          "justifyContent": "center",
          "left": 0,
          "position": "absolute",
          "right": 0,
          "top": 0,
        }
      }
      testID="loading-rings-logo"
    >
      <Svg
        fill="none"
        height={128}
        viewBox="0 0 24 24"
        width={128}
      >
        <Circle
          cx="10"
          cy="10"
          fill="none"
          r="6"
          stroke="#0A0A0B"
          strokeWidth={13.333333333333334}
        />
        <Line
          stroke="#0A0A0B"
          strokeLinecap="round"
          strokeWidth={13.333333333333334}
          x1="14.2"
          x2="20"
          y1="14.2"
          y2="20"
        />
        <Circle
          cx="20"
          cy="20"
          fill="#0A0A0B"
          r={8}
        />
      </Svg>
    </View>
  </View>
  <View
    style={
      {
        "alignItems": "baseline",
        "backgroundColor": "#F8F8FA",
        "borderColor": "#E5E7EB",
        "borderRadius": 999,
        "borderWidth": 1,
        "flexDirection": "row",
        "gap": 8,
        "marginTop": 20,
        "paddingHorizontal": 16,
        "paddingVertical": 8,
      }
    }
    testID="loading-rings-counter-chip"
  >
    <Text
      style={
        {
          "color": "#059669",
          "fontSize": 20,
          "fontVariant": [
            "tabular-nums",
          ],
          "fontWeight": "700",
          "lineHeight": 24,
        }
      }
    >
      0
    </Text>
  </View>
</View>
`;

exports[`LoadingRings hero renders with explicit counter target 1`] = `
<View
  style={
    [
      {
        "alignItems": "center",
        "alignSelf": "center",
        "paddingVertical": 16,
      },
      {
        "width": 320,
      },
    ]
  }
>
  <View
    style={
      [
        {
          "alignItems": "center",
          "justifyContent": "center",
        },
        {
          "height": 320,
          "width": 320,
        },
      ]
    }
  >
    <Svg
      height={320}
      viewBox="0 0 320 320"
      width={320}
    >
      <Circle
        cx={160}
        cy={160}
        fill="none"
        opacity={1}
        r={60}
        stroke="#10B981"
        strokeWidth={2.5}
        testID="loading-rings-ring-0"
      />
      <Circle
        cx={160}
        cy={160}
        fill="none"
        opacity={1}
        r={60}
        stroke="#10B981"
        strokeWidth={2.5}
        testID="loading-rings-ring-1"
      />
      <Circle
        cx={160}
        cy={160}
        fill="none"
        opacity={1}
        r={60}
        stroke="#10B981"
        strokeWidth={2.5}
        testID="loading-rings-ring-2"
      />
    </Svg>
    <View
      pointerEvents="none"
      style={
        {
          "alignItems": "center",
          "bottom": 0,
          "justifyContent": "center",
          "left": 0,
          "position": "absolute",
          "right": 0,
          "top": 0,
        }
      }
      testID="loading-rings-logo"
    >
      <Svg
        fill="none"
        height={128}
        viewBox="0 0 24 24"
        width={128}
      >
        <Circle
          cx="10"
          cy="10"
          fill="none"
          r="6"
          stroke="#0A0A0B"
          strokeWidth={13.333333333333334}
        />
        <Line
          stroke="#0A0A0B"
          strokeLinecap="round"
          strokeWidth={13.333333333333334}
          x1="14.2"
          x2="20"
          y1="14.2"
          y2="20"
        />
        <Circle
          cx="20"
          cy="20"
          fill="#0A0A0B"
          r={8}
        />
      </Svg>
    </View>
  </View>
  <View
    style={
      {
        "alignItems": "baseline",
        "backgroundColor": "#F8F8FA",
        "borderColor": "#E5E7EB",
        "borderRadius": 999,
        "borderWidth": 1,
        "flexDirection": "row",
        "gap": 8,
        "marginTop": 20,
        "paddingHorizontal": 16,
        "paddingVertical": 8,
      }
    }
    testID="loading-rings-counter-chip"
  >
    <Text
      style={
        {
          "color": "#059669",
          "fontSize": 20,
          "fontVariant": [
            "tabular-nums",
          ],
          "fontWeight": "700",
          "lineHeight": 24,
        }
      }
    >
      0
    </Text>
  </View>
</View>
`;
